
 gcc -g p1final.c
 ./a.out
 enter the number:
9
 enter the number:
4

Program received signal SIGHUP, Hangup.
 
 gdb a.out
GNU gdb (Ubuntu 8.1.1-0ubuntu1) 8.1.1
Copyright (C) 2018 Free Software Foundation, Inc.
License GPLv3+: GNU GPL version 3 or later <http://gnu.org/licenses/gpl.html>
This is free software: you are free to change and redistribute it.
There is NO WARRANTY, to the extent permitted by law.  Type "show copying"
and "show warranty" for details.
This GDB was configured as "x86_64-linux-gnu".
Type "show configuration" for configuration details.
For bug reporting instructions, please see:
<http://www.gnu.org/software/gdb/bugs/>.
Find the GDB manual and other documentation resources online at:
<http://www.gnu.org/software/gdb/documentation/>.
For help, type "help".
Type "apropos word" to search for commands related to "word"...
Reading symbols from a.out...done.
(gdb) b main
Breakpoint 1 at 0x810: file p1final.c, line 22.
(gdb) r
Starting program: /home/runner/pps-IA1-practice-3/a.out 
warning: Error disabling address space randomization: Operation not permitted

Breakpoint 1, main () at p1final.c:22
22    num1=input();
(gdb) s
input () at p1final.c:3
3   {
(gdb) n
5     printf(" enter the number:\n");
(gdb) n
 enter the number:
6     scanf("%d",&num);
(gdb) n
8
7    return num;
(gdb) p num
$1 = 8
(gdb) n
8   }
(gdb) n
main () at p1final.c:23
 
 gdb a.out
GNU gdb (Ubuntu 8.1.1-0ubuntu1) 8.1.1
Copyright (C) 2018 Free Software Foundation, Inc.
License GPLv3+: GNU GPL version 3 or later <http://gnu.org/licenses/gpl.html>
This is free software: you are free to change and redistribute it.
There is NO WARRANTY, to the extent permitted by law.  Type "show copying"
and "show warranty" for details.
This GDB was configured as "x86_64-linux-gnu".
Type "show configuration" for configuration details.
For bug reporting instructions, please see:
<http://www.gnu.org/software/gdb/bugs/>.
Find the GDB manual and other documentation resources online at:
<http://www.gnu.org/software/gdb/documentation/>.
For help, type "help".
Type "apropos word" to search for commands related to "word"...
Reading symbols from a.out...done.
(gdb) b main
Breakpoint 1 at 0x810: file p1final.c, line 22.
(gdb) r
Starting program: /home/runner/pps-IA1-practice-3/a.out 
warning: Error disabling address space randomization: Operation not permitted

Breakpoint 1, main () at p1final.c:22
22    num1=input();
(gdb) s
input () at p1final.c:3
3   {
(gdb) n
5     printf(" enter the number:\n");
(gdb) n
 enter the number:
6     scanf("%d",&num);
(gdb) n
7
7    return num;
(gdb) n
8   }
(gdb) n
main () at p1final.c:23
23    num2=input();
(gdb) s
input () at p1final.c:3
3   {
(gdb) n
5     printf(" enter the number:\n");
(gdb) n
 
 gcc -g p2final.c
 gdb a.out
GNU gdb (Ubuntu 8.1.1-0ubuntu1) 8.1.1
Copyright (C) 2018 Free Software Foundation, Inc.
License GPLv3+: GNU GPL version 3 or later <http://gnu.org/licenses/gpl.html>
This is free software: you are free to change and redistribute it.
There is NO WARRANTY, to the extent permitted by law.  Type "show copying"
and "show warranty" for details.
This GDB was configured as "x86_64-linux-gnu".
Type "show configuration" for configuration details.
For bug reporting instructions, please see:
<http://www.gnu.org/software/gdb/bugs/>.
Find the GDB manual and other documentation resources online at:
<http://www.gnu.org/software/gdb/documentation/>.
For help, type "help".
Type "apropos word" to search for commands related to "word"...
Reading symbols from a.out...done.
(gdb) b main
Breakpoint 1 at 0x806: file p2final.c, line 25.
(gdb) r
Starting program: /home/runner/pps-IA1-practice-3/a.out 
warning: Error disabling address space randomization: Operation not permitted

Breakpoint 1, main () at p2final.c:25
25  {
(gdb) s
27    input(&x,&y,&z);
(gdb) n
enter the three numbers
85
74
66
28    cmp(x,y,z,&large);
(gdb) n
29    printf ("%d is the largest  of them all\n",large);
(gdb) n
66 is the largest  of them all
30    return 0;
(gdb) n
31  }(gdb) p x
$1 = 85
(gdb) p y
$2 = 74
(gdb) p z
$3 = 66
(gdb) p large
$4 = 66
(gdb) q
A debugging session is active.

    Inferior 1 [process 64] will be killed.

Quit anyway? (y or n) y
 